// Jest Snapshot v1, https://goo.gl/fbAQLP

exports[`AppView.prototype.renderCards renders the cards correctly based on fetched data 1`] = `
"<main class=\\"main\\">
    <input id=\\"js-search\\" type=\\"text\\" class=\\"scroll-search\\">
    <div class=\\"scroll\\">
      <div id=\\"js-loading\\" class=\\"scroll__load-indicator\\"></div>
      <div id=\\"js-slider\\" class=\\"scroll__slider\\" style=\\"display: grid;\\"><div class=\\"scroll-card\\"><div class=\\"scroll-card__link-container\\">
          <img src=\\"image-url\\" class=\\"scroll-card__link-image\\">
          <a href=\\"https://www.youtube.com/watch?v=videoID123\\" class=\\"scroll-card__link\\">our-title--our-title--our-titl...</a>
        </div>
        <div class=\\"scroll-card__row\\">
          <i class=\\"fas fa-male scroll-card__icon\\"></i>
          <span class=\\"scroll-card__text\\">lotsofdecsdf...</span>
        </div>
        <div class=\\"scroll-card__row\\">
          <i class=\\"fas fa-eye scroll-card__icon\\"></i>
          <span class=\\"scroll-card__text\\">120</span>
        </div>
        <div class=\\"scroll-card__row\\">
          <i class=\\"fas fa-calendar-plus scroll-card__icon\\"></i>
          <span class=\\"scroll-card__text\\">dd-mm-yyyy</span>
        </div>
        <p class=\\"scroll-card__description\\">lotsofdecsdfsdflotsofdecsdfsdflotsofdecsdfsdflotsofdecsdfsdflotsofdecsdfsdflotsofdecsdfsdflotsofdecs...</p></div><div class=\\"scroll-card\\"><div class=\\"scroll-card__link-container\\">
          <img src=\\"image-url\\" class=\\"scroll-card__link-image\\">
          <a href=\\"https://www.youtube.com/watch?v=videoID123\\" class=\\"scroll-card__link\\">our-title--our-title--our-titl...</a>
        </div>
        <div class=\\"scroll-card__row\\">
          <i class=\\"fas fa-male scroll-card__icon\\"></i>
          <span class=\\"scroll-card__text\\">lotsofdecsdf...</span>
        </div>
        <div class=\\"scroll-card__row\\">
          <i class=\\"fas fa-eye scroll-card__icon\\"></i>
          <span class=\\"scroll-card__text\\">120</span>
        </div>
        <div class=\\"scroll-card__row\\">
          <i class=\\"fas fa-calendar-plus scroll-card__icon\\"></i>
          <span class=\\"scroll-card__text\\">dd-mm-yyyy</span>
        </div>
        <p class=\\"scroll-card__description\\">lotsofdecsdfsdflotsofdecsdfsdflotsofdecsdfsdflotsofdecsdfsdflotsofdecsdfsdflotsofdecsdfsdflotsofdecs...</p></div></div>
    </div>
    <div id=\\"js-btn-container\\" class=\\"scroll-controls\\"></div>
  </main><div class=\\"tooltip\\"></div>"
`;
